// Jest Snapshot v1, https://goo.gl/fbAQLP

exports[`/index matches snapshot 1`] = `
<div>
  <nav
    aria-label="breadcrumb"
    data-testid="breadcrumb-nav"
  >
    <ol
      class="breadcrumb"
    >
      <li
        class="breadcrumb-item"
      >
        <i
          class="bi bi-house-door-fill"
        />
         
        <a
          href="/"
        >
          Home
        </a>
      </li>
    </ol>
  </nav>
  <p>
    Test Text
  </p>
  <button
    class="btn btn-primary"
  >
    Test knop
  </button>
  <footer
    data-testid="home-footer"
  >
    <p>
      Footer Text
    </p>
  </footer>
</div>
`;
